
!function(){try{var e="undefined"!=typeof window?window:"undefined"!=typeof global?global:"undefined"!=typeof globalThis?globalThis:"undefined"!=typeof self?self:{},n=(new e.Error).stack;n&&(e._sentryDebugIds=e._sentryDebugIds||{},e._sentryDebugIds[n]="61108b96-d9cb-5d14-a1a1-cc066b34c428")}catch(e){}}();
(function(){"use strict";function t(n,o){n(o)}function c(n,o){t(n,o)}function f(n,o){c(n,o)}f(function(o){throw new Error(o)},"boop")})();
//# sourceMappingURL=iife.js.map

//# debugId=61108b96-d9cb-5d14-a1a1-cc066b34c428
