{"bundle_path":"source.path","sourcemap_path":"source.map.path"}