{"packager_bundle_path":null,"packager_sourcemap_path":null,"hermes_bundle_path":"source.path","hermes_sourcemap_path":null}