{"packager_bundle_path":"source.path","packager_sourcemap_path":"source.map.path","hermes_bundle_path":null,"hermes_sourcemap_path":null}