"use strict";
!function(){try{var e="undefined"!=typeof window?window:"undefined"!=typeof global?global:"undefined"!=typeof self?self:{},n=(new e.Error).stack;n&&(e._sentryDebugIds=e._sentryDebugIds||{},e._sentryDebugIds[n]="feff3330-3acf-5df7-9a95-97b3da52cb8a")}catch(e){}}();
var __webpack_require__={r:e=>{"undefined"!=typeof Symbol&&Symbol.toStringTag&&Object.defineProperty(e,Symbol.toStringTag,{value:"Module"}),Object.defineProperty(e,"__esModule",{value:!0})}},__webpack_exports__={};function bar(e,o){e(o)}function foo(e,o){bar(e,o)}function wat(e,o){foo(e,o)}__webpack_require__.r(__webpack_exports__),wat((function(e){throw new Error(e)}),"boop"),module.exports=__webpack_exports__;
//# sourceMappingURL=cjs.js.map
//# debugId=feff3330-3acf-5df7-9a95-97b3da52cb8a
