
!function(){try{var e="undefined"!=typeof window?window:"undefined"!=typeof global?global:"undefined"!=typeof self?self:{},n=(new e.Error).stack;n&&(e._sentryDebugIds=e._sentryDebugIds||{},e._sentryDebugIds[n]="397f1037-b958-54cc-bc62-267d5b7aff25")}catch(e){}}();
(()=>{"use strict";(function(n,o){!function(n,o){n(o)}(n,"boop")})((function(n){throw new Error(n)}))})();
//# sourceMappingURL=iife.js.map
//# debugId=397f1037-b958-54cc-bc62-267d5b7aff25
