"use strict";
!function(){try{var e="undefined"!=typeof window?window:"undefined"!=typeof global?global:"undefined"!=typeof self?self:{},n=(new Error).stack;n&&(e._sentryDebugIds=e._sentryDebugIds||{},e._sentryDebugIds[n]="0b6cf2c0-b31e-5bb4-9e50-a0c0fd4837db")}catch(e){}}();
var n;n=function(n){throw new Error(n)},function(n,o){!function(n,o){n(o)}(n,o)}(n,"boop");
//# sourceMappingURL=cjs.js.map

//# debugId=0b6cf2c0-b31e-5bb4-9e50-a0c0fd4837db
