
!function(){try{var e="undefined"!=typeof window?window:"undefined"!=typeof global?global:"undefined"!=typeof globalThis?globalThis:"undefined"!=typeof self?self:{},n=(new e.Error).stack;n&&(e._sentryDebugIds=e._sentryDebugIds||{},e._sentryDebugIds[n]="6cde0fde-8646-5aa5-90be-6540abac2d15")}catch(e){}}();
!function(){"use strict";var n;n=function(n){throw new Error(n)},function(n,o){!function(n,o){n(o)}(n,o)}(n,"boop")}();
//# sourceMappingURL=iife.js.map

//# debugId=6cde0fde-8646-5aa5-90be-6540abac2d15
