{"version":3,"sources":["../src/bar.js","../src/foo.js","../src/index.js"],"sourcesContent":["export function bar(fn, msg) {\n  fn(msg);\n}\n","import { bar } from './bar.js';\n\nexport function foo(fn, msg) {\n  bar(fn, msg);\n}\n","\"use strict\";\nimport { foo } from './foo.js';\n\nfunction wat(fn, msg) {\n  foo(fn, msg);\n}\n\nwat(function hello(msg) {\n  throw new Error(msg);\n}, 'boop');\n"],"names":["bar","fn","msg","foo","wat"],"mappings":";;AAAO,SAASA,EAAIC,EAAIC,EAAK,CAC3BD,EAAGC,CAAG,CACR,CCAO,SAASC,EAAIF,EAAIC,EAAK,CAC3BF,EAAIC,EAAIC,CAAG,CACb,CCDA,SAASE,EAAIH,EAAIC,EAAK,CACpBC,EAAIF,EAAIC,CAAG,CACb,CAEAE,EAAI,SAAeF,EAAK,CACtB,MAAM,IAAI,MAAMA,CAAG,CACrB,EAAG,MAAM","debug_id":"a9f9a996-4e6c-5119-b8b8-e64559a6554c"}