"use strict";
!function(){try{var e="undefined"!=typeof window?window:"undefined"!=typeof global?global:"undefined"!=typeof self?self:{},n=(new e.Error).stack;n&&(e._sentryDebugIds=e._sentryDebugIds||{},e._sentryDebugIds[n]="a9f9a996-4e6c-5119-b8b8-e64559a6554c")}catch(e){}}();
function t(r,o){r(o)}function n(r,o){t(r,o)}function f(r,o){n(r,o)}f(function(o){throw new Error(o)},"boop");
//# sourceMappingURL=cjs.js.map

//# debugId=a9f9a996-4e6c-5119-b8b8-e64559a6554c
